============================= test session starts =============================
platform win32 -- Python 3.11.0, pytest-7.4.3, pluggy-1.5.0
rootdir: C:\Users\Cheney\Documents\Github\ElevenDops
configfile: pyproject.toml
plugins: anyio-4.6.2.post1, asyncio-0.21.1, cov-4.1.0, docker-3.1.1, mock-3.12.0
asyncio: mode=Mode.AUTO
collected 0 items / 1 error

=================================== ERRORS ====================================
_______________ ERROR collecting tests/test_audio_api_props.py ________________
ImportError while importing test module 'C:\Users\Cheney\Documents\Github\ElevenDops\tests\test_audio_api_props.py'.
Hint: make sure your test modules/packages have valid Python names.
Traceback:
..\..\..\AppData\Local\Programs\Python\Python311\Lib\importlib\__init__.py:126: in import_module
    return _bootstrap._gcd_import(name[level:], package, level)
tests\test_audio_api_props.py:6: in <module>
    from hypothesis import given
E   ModuleNotFoundError: No module named 'hypothesis'
============================== warnings summary ===============================
..\..\..\AppData\Local\Programs\Python\Python311\Lib\site-packages\starlette\formparsers.py:12
  C:\Users\Cheney\AppData\Local\Programs\Python\Python311\Lib\site-packages\starlette\formparsers.py:12: PendingDeprecationWarning: Please use `import python_multipart` instead.
    import multipart

-- Docs: https://docs.pytest.org/en/stable/how-to/capture-warnings.html
=========================== short test summary info ===========================
ERROR tests/test_audio_api_props.py
!!!!!!!!!!!!!!!!!!! Interrupted: 1 error during collection !!!!!!!!!!!!!!!!!!!!
========================= 1 warning, 1 error in 1.64s =========================
